Array
    [ Range
        ( SourcePosition
            { _sourceName = "sourceName"
            , _line = 1
            , _column = 2
            }
        , Just
            ( SourcePosition
                { _sourceName = "sourceName"
                , _line = 1
                , _column = 65
                }
            )
        )
        ( Just "i" ) "x"
        [
            (
                ( SourcePosition
                    { _sourceName = "sourceName"
                    , _line = 1
                    , _column = 19
                    }
                , Just
                    ( SourcePosition
                        { _sourceName = "sourceName"
                        , _line = 1
                        , _column = 20
                        }
                    )
                )
            , Obj "$"
            )
        ,
            (
                ( SourcePosition
                    { _sourceName = "sourceName"
                    , _line = 1
                    , _column = 20
                    }
                , Just
                    ( SourcePosition
                        { _sourceName = "sourceName"
                        , _line = 1
                        , _column = 26
                        }
                    )
                )
            , Obj "events"
            )
        ]
        ( Object
            ( fromList
                [
                    ( "name"
                    , Path
                        [
                            (
                                ( SourcePosition
                                    { _sourceName = "sourceName"
                                    , _line = 1
                                    , _column = 44
                                    }
                                , Just
                                    ( SourcePosition
                                        { _sourceName = "sourceName"
                                        , _line = 1
                                        , _column = 45
                                        }
                                    )
                                )
                            , Obj "x"
                            )
                        ,
                            (
                                ( SourcePosition
                                    { _sourceName = "sourceName"
                                    , _line = 1
                                    , _column = 45
                                    }
                                , Just
                                    ( SourcePosition
                                        { _sourceName = "sourceName"
                                        , _line = 1
                                        , _column = 49
                                        }
                                    )
                                )
                            , Obj "name"
                            )
                        ]
                    )
                ]
            )
        )
    ]