Array
    [ Path
        [
            (
                ( SourcePosition
                    { _sourceName = "sourceName"
                    , _line = 2
                    , _column = 6
                    }
                , Just
                    ( SourcePosition
                        { _sourceName = "sourceName"
                        , _line = 2
                        , _column = 7
                        }
                    )
                )
            , Obj "$"
            )
        ,
            (
                ( SourcePosition
                    { _sourceName = "sourceName"
                    , _line = 2
                    , _column = 7
                    }
                , Just
                    ( SourcePosition
                        { _sourceName = "sourceName"
                        , _line = 2
                        , _column = 11
                        }
                    )
                )
            , Obj "path"
            )
        ]
    , Path
        [
            (
                ( SourcePosition
                    { _sourceName = "sourceName"
                    , _line = 3
                    , _column = 6
                    }
                , Just
                    ( SourcePosition
                        { _sourceName = "sourceName"
                        , _line = 3
                        , _column = 10
                        }
                    )
                )
            , Obj "$foo"
            )
        ,
            (
                ( SourcePosition
                    { _sourceName = "sourceName"
                    , _line = 3
                    , _column = 10
                    }
                , Just
                    ( SourcePosition
                        { _sourceName = "sourceName"
                        , _line = 3
                        , _column = 14
                        }
                    )
                )
            , Obj "path"
            )
        ]
    , Path
        [
            (
                ( SourcePosition
                    { _sourceName = "sourceName"
                    , _line = 4
                    , _column = 6
                    }
                , Just
                    ( SourcePosition
                        { _sourceName = "sourceName"
                        , _line = 4
                        , _column = 7
                        }
                    )
                )
            , Obj "x"
            )
        ,
            (
                ( SourcePosition
                    { _sourceName = "sourceName"
                    , _line = 4
                    , _column = 7
                    }
                , Just
                    ( SourcePosition
                        { _sourceName = "sourceName"
                        , _line = 4
                        , _column = 11
                        }
                    )
                )
            , Obj "path"
            )
        ,
            (
                ( SourcePosition
                    { _sourceName = "sourceName"
                    , _line = 4
                    , _column = 12
                    }
                , Just
                    ( SourcePosition
                        { _sourceName = "sourceName"
                        , _line = 4
                        , _column = 15
                        }
                    )
                )
            , Obj "foo"
            )
        ]
    , Path
        [
            (
                ( SourcePosition
                    { _sourceName = "sourceName"
                    , _line = 5
                    , _column = 6
                    }
                , Just
                    ( SourcePosition
                        { _sourceName = "sourceName"
                        , _line = 5
                        , _column = 7
                        }
                    )
                )
            , Obj "x"
            )
        ,
            (
                ( SourcePosition
                    { _sourceName = "sourceName"
                    , _line = 5
                    , _column = 7
                    }
                , Just
                    ( SourcePosition
                        { _sourceName = "sourceName"
                        , _line = 5
                        , _column = 11
                        }
                    )
                )
            , Obj "path"
            )
        ,
            (
                ( SourcePosition
                    { _sourceName = "sourceName"
                    , _line = 5
                    , _column = 12
                    }
                , Just
                    ( SourcePosition
                        { _sourceName = "sourceName"
                        , _line = 5
                        , _column = 15
                        }
                    )
                )
            , Obj "foo"
            )
        ,
            (
                ( SourcePosition
                    { _sourceName = "sourceName"
                    , _line = 5
                    , _column = 16
                    }
                , Just
                    ( SourcePosition
                        { _sourceName = "sourceName"
                        , _line = 5
                        , _column = 18
                        }
                    )
                )
            , Arr 1
            )
        ]
    ]