Array
    [ Null
    , Boolean True
    , Boolean False
    , Number 1.0
    , Number 1.5
    , String "hello"
    , String "hello123"
    , Array
        [ Number 1.0
        , Null
        , Boolean True
        ]
    , Object
        ( fromList
            [
                ( "foo"
                , Number 1.0
                )
            ]
        )
    , Object
        ( fromList
            [
                ( "bar"
                , Object
                    ( fromList
                        [
                            ( "baz"
                            , Array
                                [ Number 1.0
                                , Boolean True
                                ]
                            )
                        ]
                    )
                )
            ,
                ( "foo"
                , Number 1.0
                )
            ]
        )
    ]