Object
    ( Span
        { start = AlexSourcePos
            { line = 0
            , col = 1
            }
        , end = AlexSourcePos
            { line = 15
            , col = 2
            }
        }
    )
    ( fromList
        [
            ( "author"
            , Object
                ( Span
                    { start = AlexSourcePos
                        { line = 1
                        , col = 13
                        }
                    , end = AlexSourcePos
                        { line = 14
                        , col = 4
                        }
                    }
                )
                ( fromList
                    [
                        ( "age"
                        , Path
                            ( Span
                                { start = AlexSourcePos
                                    { line = 3
                                    , col = 14
                                    }
                                , end = AlexSourcePos
                                    { line = 3
                                    , col = 25
                                    }
                                }
                            )
                            [ Obj
                                ( Span
                                    { start = AlexSourcePos
                                        { line = 3
                                        , col = 14
                                        }
                                    , end = AlexSourcePos
                                        { line = 3
                                        , col = 15
                                        }
                                    }
                                ) NotOptional "$" Head
                            , Obj
                                ( Span
                                    { start = AlexSourcePos
                                        { line = 3
                                        , col = 15
                                        }
                                    , end = AlexSourcePos
                                        { line = 3
                                        , col = 21
                                        }
                                    }
                                ) NotOptional "event" DotAccess
                            , Obj
                                ( Span
                                    { start = AlexSourcePos
                                        { line = 3
                                        , col = 21
                                        }
                                    , end = AlexSourcePos
                                        { line = 3
                                        , col = 25
                                        }
                                    }
                                ) NotOptional "age" DotAccess
                            ]
                        )
                    ,
                        ( "articles"
                        , Array
                            ( Span
                                { start = AlexSourcePos
                                    { line = 4
                                    , col = 17
                                    }
                                , end = AlexSourcePos
                                    { line = 13
                                    , col = 6
                                    }
                                }
                            )
                            [ StringTem
                                ( Span
                                    { start = AlexSourcePos
                                        { line = 5
                                        , col = 7
                                        }
                                    , end = AlexSourcePos
                                        { line = 5
                                        , col = 14
                                        }
                                    }
                                )
                                [ String
                                    ( Span
                                        { start = AlexSourcePos
                                            { line = 5
                                            , col = 8
                                            }
                                        , end = AlexSourcePos
                                            { line = 5
                                            , col = 13
                                            }
                                        }
                                    ) "hello"
                                ]
                            , Range
                                ( Span
                                    { start = AlexSourcePos
                                        { line = 6
                                        , col = 1
                                        }
                                    , end = AlexSourcePos
                                        { line = 11
                                        , col = 10
                                        }
                                    }
                                ) Nothing "x"
                                [ Obj
                                    ( Span
                                        { start = AlexSourcePos
                                            { line = 6
                                            , col = 18
                                            }
                                        , end = AlexSourcePos
                                            { line = 6
                                            , col = 19
                                            }
                                        }
                                    ) NotOptional "$" Head
                                , Obj
                                    ( Span
                                        { start = AlexSourcePos
                                            { line = 6
                                            , col = 19
                                            }
                                        , end = AlexSourcePos
                                            { line = 6
                                            , col = 25
                                            }
                                        }
                                    ) NotOptional "event" DotAccess
                                , Obj
                                    ( Span
                                        { start = AlexSourcePos
                                            { line = 6
                                            , col = 25
                                            }
                                        , end = AlexSourcePos
                                            { line = 6
                                            , col = 32
                                            }
                                        }
                                    ) NotOptional "author" DotAccess
                                , Obj
                                    ( Span
                                        { start = AlexSourcePos
                                            { line = 6
                                            , col = 32
                                            }
                                        , end = AlexSourcePos
                                            { line = 6
                                            , col = 41
                                            }
                                        }
                                    ) NotOptional "articles" DotAccess
                                ]
                                ( Object
                                    ( Span
                                        { start = AlexSourcePos
                                            { line = 7
                                            , col = 7
                                            }
                                        , end = AlexSourcePos
                                            { line = 10
                                            , col = 8
                                            }
                                        }
                                    )
                                    ( fromList
                                        [
                                            ( "id"
                                            , Path
                                                ( Span
                                                    { start = AlexSourcePos
                                                        { line = 8
                                                        , col = 17
                                                        }
                                                    , end = AlexSourcePos
                                                        { line = 8
                                                        , col = 21
                                                        }
                                                    }
                                                )
                                                [ Obj
                                                    ( Span
                                                        { start = AlexSourcePos
                                                            { line = 8
                                                            , col = 17
                                                            }
                                                        , end = AlexSourcePos
                                                            { line = 8
                                                            , col = 18
                                                            }
                                                        }
                                                    ) NotOptional "x" Head
                                                , Obj
                                                    ( Span
                                                        { start = AlexSourcePos
                                                            { line = 8
                                                            , col = 18
                                                            }
                                                        , end = AlexSourcePos
                                                            { line = 8
                                                            , col = 21
                                                            }
                                                        }
                                                    ) NotOptional "id" DotAccess
                                                ]
                                            )
                                        ,
                                            ( "title"
                                            , Path
                                                ( Span
                                                    { start = AlexSourcePos
                                                        { line = 9
                                                        , col = 20
                                                        }
                                                    , end = AlexSourcePos
                                                        { line = 9
                                                        , col = 27
                                                        }
                                                    }
                                                )
                                                [ Obj
                                                    ( Span
                                                        { start = AlexSourcePos
                                                            { line = 9
                                                            , col = 20
                                                            }
                                                        , end = AlexSourcePos
                                                            { line = 9
                                                            , col = 21
                                                            }
                                                        }
                                                    ) NotOptional "x" Head
                                                , Obj
                                                    ( Span
                                                        { start = AlexSourcePos
                                                            { line = 9
                                                            , col = 21
                                                            }
                                                        , end = AlexSourcePos
                                                            { line = 9
                                                            , col = 27
                                                            }
                                                        }
                                                    ) NotOptional "title" DotAccess
                                                ]
                                            )
                                        ]
                                    )
                                )
                            , StringTem
                                ( Span
                                    { start = AlexSourcePos
                                        { line = 12
                                        , col = 7
                                        }
                                    , end = AlexSourcePos
                                        { line = 12
                                        , col = 14
                                        }
                                    }
                                )
                                [ String
                                    ( Span
                                        { start = AlexSourcePos
                                            { line = 12
                                            , col = 8
                                            }
                                        , end = AlexSourcePos
                                            { line = 12
                                            , col = 13
                                            }
                                        }
                                    ) "world"
                                ]
                            ]
                        )
                    ,
                        ( "name"
                        , Path
                            ( Span
                                { start = AlexSourcePos
                                    { line = 2
                                    , col = 15
                                    }
                                , end = AlexSourcePos
                                    { line = 2
                                    , col = 27
                                    }
                                }
                            )
                            [ Obj
                                ( Span
                                    { start = AlexSourcePos
                                        { line = 2
                                        , col = 15
                                        }
                                    , end = AlexSourcePos
                                        { line = 2
                                        , col = 16
                                        }
                                    }
                                ) NotOptional "$" Head
                            , Obj
                                ( Span
                                    { start = AlexSourcePos
                                        { line = 2
                                        , col = 16
                                        }
                                    , end = AlexSourcePos
                                        { line = 2
                                        , col = 22
                                        }
                                    }
                                ) NotOptional "event" DotAccess
                            , Obj
                                ( Span
                                    { start = AlexSourcePos
                                        { line = 2
                                        , col = 22
                                        }
                                    , end = AlexSourcePos
                                        { line = 2
                                        , col = 27
                                        }
                                    }
                                ) NotOptional "name" DotAccess
                            ]
                        )
                    ]
                )
            )
        ]
    )