Object
    ( Span
        { start = AlexSourcePos
            { line = 0
            , col = 1
            }
        , end = AlexSourcePos
            { line = 23
            , col = 2
            }
        }
    )
    ( fromList
        [
            ( "author"
            , Object
                ( Span
                    { start = AlexSourcePos
                        { line = 1
                        , col = 13
                        }
                    , end = AlexSourcePos
                        { line = 22
                        , col = 4
                        }
                    }
                )
                ( fromList
                    [
                        ( "age"
                        , Field
                            ( Span
                                { start = AlexSourcePos
                                    { line = 3
                                    , col = 14
                                    }
                                , end = AlexSourcePos
                                    { line = 3
                                    , col = 21
                                    }
                                }
                            ) NotOptional
                            ( Var
                                ( Span
                                    { start = AlexSourcePos
                                        { line = 3
                                        , col = 14
                                        }
                                    , end = AlexSourcePos
                                        { line = 3
                                        , col = 15
                                        }
                                    }
                                ) "$"
                            )
                            ( Field
                                ( Span
                                    { start = AlexSourcePos
                                        { line = 3
                                        , col = 16
                                        }
                                    , end = AlexSourcePos
                                        { line = 3
                                        , col = 25
                                        }
                                    }
                                ) NotOptional
                                ( Var
                                    ( Span
                                        { start = AlexSourcePos
                                            { line = 3
                                            , col = 16
                                            }
                                        , end = AlexSourcePos
                                            { line = 3
                                            , col = 21
                                            }
                                        }
                                    ) "event"
                                )
                                ( Var
                                    ( Span
                                        { start = AlexSourcePos
                                            { line = 3
                                            , col = 22
                                            }
                                        , end = AlexSourcePos
                                            { line = 3
                                            , col = 25
                                            }
                                        }
                                    ) "age"
                                )
                            )
                        )
                    ,
                        ( "articles"
                        , Array
                            ( Span
                                { start = AlexSourcePos
                                    { line = 4
                                    , col = 17
                                    }
                                , end = AlexSourcePos
                                    { line = 21
                                    , col = 6
                                    }
                                }
                            )
                            [ StringTem
                                ( Span
                                    { start = AlexSourcePos
                                        { line = 5
                                        , col = 7
                                        }
                                    , end = AlexSourcePos
                                        { line = 5
                                        , col = 14
                                        }
                                    }
                                )
                                [ String
                                    ( Span
                                        { start = AlexSourcePos
                                            { line = 5
                                            , col = 8
                                            }
                                        , end = AlexSourcePos
                                            { line = 5
                                            , col = 13
                                            }
                                        }
                                    ) "hello"
                                ]
                            , Range
                                ( Span
                                    { start = AlexSourcePos
                                        { line = 6
                                        , col = 1
                                        }
                                    , end = AlexSourcePos
                                        { line = 12
                                        , col = 10
                                        }
                                    }
                                ) Nothing "x"
                                ( Field
                                    ( Span
                                        { start = AlexSourcePos
                                            { line = 6
                                            , col = 18
                                            }
                                        , end = AlexSourcePos
                                            { line = 6
                                            , col = 25
                                            }
                                        }
                                    ) NotOptional
                                    ( Var
                                        ( Span
                                            { start = AlexSourcePos
                                                { line = 6
                                                , col = 18
                                                }
                                            , end = AlexSourcePos
                                                { line = 6
                                                , col = 19
                                                }
                                            }
                                        ) "$"
                                    )
                                    ( Field
                                        ( Span
                                            { start = AlexSourcePos
                                                { line = 6
                                                , col = 20
                                                }
                                            , end = AlexSourcePos
                                                { line = 6
                                                , col = 32
                                                }
                                            }
                                        ) NotOptional
                                        ( Var
                                            ( Span
                                                { start = AlexSourcePos
                                                    { line = 6
                                                    , col = 20
                                                    }
                                                , end = AlexSourcePos
                                                    { line = 6
                                                    , col = 25
                                                    }
                                                }
                                            ) "event"
                                        )
                                        ( Field
                                            ( Span
                                                { start = AlexSourcePos
                                                    { line = 6
                                                    , col = 26
                                                    }
                                                , end = AlexSourcePos
                                                    { line = 6
                                                    , col = 41
                                                    }
                                                }
                                            ) NotOptional
                                            ( Var
                                                ( Span
                                                    { start = AlexSourcePos
                                                        { line = 6
                                                        , col = 26
                                                        }
                                                    , end = AlexSourcePos
                                                        { line = 6
                                                        , col = 32
                                                        }
                                                    }
                                                ) "author"
                                            )
                                            ( Var
                                                ( Span
                                                    { start = AlexSourcePos
                                                        { line = 6
                                                        , col = 33
                                                        }
                                                    , end = AlexSourcePos
                                                        { line = 6
                                                        , col = 41
                                                        }
                                                    }
                                                ) "articles"
                                            )
                                        )
                                    )
                                )
                                ( Object
                                    ( Span
                                        { start = AlexSourcePos
                                            { line = 7
                                            , col = 7
                                            }
                                        , end = AlexSourcePos
                                            { line = 11
                                            , col = 8
                                            }
                                        }
                                    )
                                    ( fromList
                                        [
                                            ( "id"
                                            , Field
                                                ( Span
                                                    { start = AlexSourcePos
                                                        { line = 8
                                                        , col = 17
                                                        }
                                                    , end = AlexSourcePos
                                                        { line = 8
                                                        , col = 21
                                                        }
                                                    }
                                                ) NotOptional
                                                ( Var
                                                    ( Span
                                                        { start = AlexSourcePos
                                                            { line = 8
                                                            , col = 17
                                                            }
                                                        , end = AlexSourcePos
                                                            { line = 8
                                                            , col = 18
                                                            }
                                                        }
                                                    ) "x"
                                                )
                                                ( Var
                                                    ( Span
                                                        { start = AlexSourcePos
                                                            { line = 8
                                                            , col = 19
                                                            }
                                                        , end = AlexSourcePos
                                                            { line = 8
                                                            , col = 21
                                                            }
                                                        }
                                                    ) "id"
                                                )
                                            )
                                        ,
                                            ( "title"
                                            , Field
                                                ( Span
                                                    { start = AlexSourcePos
                                                        { line = 9
                                                        , col = 20
                                                        }
                                                    , end = AlexSourcePos
                                                        { line = 9
                                                        , col = 27
                                                        }
                                                    }
                                                ) NotOptional
                                                ( Var
                                                    ( Span
                                                        { start = AlexSourcePos
                                                            { line = 9
                                                            , col = 20
                                                            }
                                                        , end = AlexSourcePos
                                                            { line = 9
                                                            , col = 21
                                                            }
                                                        }
                                                    ) "x"
                                                )
                                                ( Var
                                                    ( Span
                                                        { start = AlexSourcePos
                                                            { line = 9
                                                            , col = 22
                                                            }
                                                        , end = AlexSourcePos
                                                            { line = 9
                                                            , col = 27
                                                            }
                                                        }
                                                    ) "title"
                                                )
                                            )
                                        ]
                                    )
                                )
                            , Range
                                ( Span
                                    { start = AlexSourcePos
                                        { line = 13
                                        , col = 1
                                        }
                                    , end = AlexSourcePos
                                        { line = 18
                                        , col = 10
                                        }
                                    }
                                ) Nothing "x"
                                ( Field
                                    ( Span
                                        { start = AlexSourcePos
                                            { line = 13
                                            , col = 18
                                            }
                                        , end = AlexSourcePos
                                            { line = 13
                                            , col = 25
                                            }
                                        }
                                    ) NotOptional
                                    ( Var
                                        ( Span
                                            { start = AlexSourcePos
                                                { line = 13
                                                , col = 18
                                                }
                                            , end = AlexSourcePos
                                                { line = 13
                                                , col = 19
                                                }
                                            }
                                        ) "$"
                                    )
                                    ( Field
                                        ( Span
                                            { start = AlexSourcePos
                                                { line = 13
                                                , col = 20
                                                }
                                            , end = AlexSourcePos
                                                { line = 13
                                                , col = 32
                                                }
                                            }
                                        ) NotOptional
                                        ( Var
                                            ( Span
                                                { start = AlexSourcePos
                                                    { line = 13
                                                    , col = 20
                                                    }
                                                , end = AlexSourcePos
                                                    { line = 13
                                                    , col = 25
                                                    }
                                                }
                                            ) "event"
                                        )
                                        ( Field
                                            ( Span
                                                { start = AlexSourcePos
                                                    { line = 13
                                                    , col = 26
                                                    }
                                                , end = AlexSourcePos
                                                    { line = 13
                                                    , col = 41
                                                    }
                                                }
                                            ) NotOptional
                                            ( Var
                                                ( Span
                                                    { start = AlexSourcePos
                                                        { line = 13
                                                        , col = 26
                                                        }
                                                    , end = AlexSourcePos
                                                        { line = 13
                                                        , col = 32
                                                        }
                                                    }
                                                ) "author"
                                            )
                                            ( Var
                                                ( Span
                                                    { start = AlexSourcePos
                                                        { line = 13
                                                        , col = 33
                                                        }
                                                    , end = AlexSourcePos
                                                        { line = 13
                                                        , col = 41
                                                        }
                                                    }
                                                ) "articles"
                                            )
                                        )
                                    )
                                )
                                ( Object
                                    ( Span
                                        { start = AlexSourcePos
                                            { line = 14
                                            , col = 7
                                            }
                                        , end = AlexSourcePos
                                            { line = 17
                                            , col = 8
                                            }
                                        }
                                    )
                                    ( fromList
                                        [
                                            ( "id"
                                            , Field
                                                ( Span
                                                    { start = AlexSourcePos
                                                        { line = 15
                                                        , col = 17
                                                        }
                                                    , end = AlexSourcePos
                                                        { line = 15
                                                        , col = 21
                                                        }
                                                    }
                                                ) NotOptional
                                                ( Var
                                                    ( Span
                                                        { start = AlexSourcePos
                                                            { line = 15
                                                            , col = 17
                                                            }
                                                        , end = AlexSourcePos
                                                            { line = 15
                                                            , col = 18
                                                            }
                                                        }
                                                    ) "x"
                                                )
                                                ( Var
                                                    ( Span
                                                        { start = AlexSourcePos
                                                            { line = 15
                                                            , col = 19
                                                            }
                                                        , end = AlexSourcePos
                                                            { line = 15
                                                            , col = 21
                                                            }
                                                        }
                                                    ) "id"
                                                )
                                            )
                                        ,
                                            ( "title"
                                            , Field
                                                ( Span
                                                    { start = AlexSourcePos
                                                        { line = 16
                                                        , col = 20
                                                        }
                                                    , end = AlexSourcePos
                                                        { line = 16
                                                        , col = 27
                                                        }
                                                    }
                                                ) NotOptional
                                                ( Var
                                                    ( Span
                                                        { start = AlexSourcePos
                                                            { line = 16
                                                            , col = 20
                                                            }
                                                        , end = AlexSourcePos
                                                            { line = 16
                                                            , col = 21
                                                            }
                                                        }
                                                    ) "x"
                                                )
                                                ( Var
                                                    ( Span
                                                        { start = AlexSourcePos
                                                            { line = 16
                                                            , col = 22
                                                            }
                                                        , end = AlexSourcePos
                                                            { line = 16
                                                            , col = 27
                                                            }
                                                        }
                                                    ) "title"
                                                )
                                            )
                                        ]
                                    )
                                )
                            , StringTem
                                ( Span
                                    { start = AlexSourcePos
                                        { line = 20
                                        , col = 7
                                        }
                                    , end = AlexSourcePos
                                        { line = 20
                                        , col = 14
                                        }
                                    }
                                )
                                [ String
                                    ( Span
                                        { start = AlexSourcePos
                                            { line = 20
                                            , col = 8
                                            }
                                        , end = AlexSourcePos
                                            { line = 20
                                            , col = 13
                                            }
                                        }
                                    ) "world"
                                ]
                            ]
                        )
                    ,
                        ( "name"
                        , Field
                            ( Span
                                { start = AlexSourcePos
                                    { line = 2
                                    , col = 15
                                    }
                                , end = AlexSourcePos
                                    { line = 2
                                    , col = 22
                                    }
                                }
                            ) NotOptional
                            ( Var
                                ( Span
                                    { start = AlexSourcePos
                                        { line = 2
                                        , col = 15
                                        }
                                    , end = AlexSourcePos
                                        { line = 2
                                        , col = 16
                                        }
                                    }
                                ) "$"
                            )
                            ( Field
                                ( Span
                                    { start = AlexSourcePos
                                        { line = 2
                                        , col = 17
                                        }
                                    , end = AlexSourcePos
                                        { line = 2
                                        , col = 27
                                        }
                                    }
                                ) NotOptional
                                ( Var
                                    ( Span
                                        { start = AlexSourcePos
                                            { line = 2
                                            , col = 17
                                            }
                                        , end = AlexSourcePos
                                            { line = 2
                                            , col = 22
                                            }
                                        }
                                    ) "event"
                                )
                                ( Var
                                    ( Span
                                        { start = AlexSourcePos
                                            { line = 2
                                            , col = 23
                                            }
                                        , end = AlexSourcePos
                                            { line = 2
                                            , col = 27
                                            }
                                        }
                                    ) "name"
                                )
                            )
                        )
                    ]
                )
            )
        ]
    )