StringTem
    ( Span
        { start = AlexSourcePos
            { line = 0
            , col = 1
            }
        , end = AlexSourcePos
            { line = 0
            , col = 9
            }
        }
    )
    [ String
        ( Span
            { start = AlexSourcePos
                { line = 0
                , col = 2
                }
            , end = AlexSourcePos
                { line = 0
                , col = 5
                }
            }
        ) "-œÉ- "
    , String
        ( Span
            { start = AlexSourcePos
                { line = 0
                , col = 5
                }
            , end = AlexSourcePos
                { line = 0
                , col = 7
                }
            }
        ) "{"
    , String
        ( Span
            { start = AlexSourcePos
                { line = 0
                , col = 7
                }
            , end = AlexSourcePos
                { line = 0
                , col = 8
                }
            }
        ) "{"
    , String
        ( Span
            { start = AlexSourcePos
                { line = 0
                , col = 8
                }
            , end = AlexSourcePos
                { line = 0
                , col = 8
                }
            }
        ) "üç£"
    ]