RenderedError {_code = ParseErrorCode, _message = "sourceName:1:4:\n  |\n1 | { 1: null }\n  |    ^\nunexpected   1\n", _span = (SourcePosition {_sourceName = "", _line = 1, _column = 1},Nothing)}