RenderedError {_code = ParseErrorCode, _message = "1:1:\n  |\n1 | \n  | ^\nunexpected \"]\"\n", _span = (SourcePosition {_sourceName = "", _line = 1, _column = 1},Nothing)}