[
    "{\"id\":1,\"name\":\"Charmaine Tate\"}",
    "[{\"id\":0,\"name\":\"Shanna Emerson\"},{\"id\":1,\"name\":\"Charmaine Tate\"},{\"id\":2,\"name\":\"Elisa Albert\"}]",
    "null",
    "is: null"
]
