[
    [
        [
            "Wilkerson Gill",
            "Gonzalez Long",
            "Hanson Ellison"
        ],
        [
            "Shanna Emerson",
            "Charmaine Tate",
            "Elisa Albert"
        ],
        [
            "Ford Crosby",
            "Owens Vaughn",
            "Lesley Lopez"
        ],
        [
            "Megan Hahn",
            "Green Mathews",
            "Maddox Tucker"
        ],
        [
            "Patton Larson",
            "Casey Grimes",
            "Geneva Carroll"
        ]
    ]
]