[
    [
        "blue",
        "brown",
        "blue",
        "brown",
        "blue"
    ]
]