[
    [
        [
            {
                "name": "Wilkerson Gill"
            },
            {
                "name": "Gonzalez Long"
            },
            {
                "name": "Hanson Ellison"
            }
        ],
        [
            {
                "name": "Shanna Emerson"
            },
            {
                "name": "Charmaine Tate"
            },
            {
                "name": "Elisa Albert"
            }
        ],
        [
            {
                "name": "Ford Crosby"
            },
            {
                "name": "Owens Vaughn"
            },
            {
                "name": "Lesley Lopez"
            }
        ],
        [
            {
                "name": "Megan Hahn"
            },
            {
                "name": "Green Mathews"
            },
            {
                "name": "Maddox Tucker"
            }
        ],
        [
            {
                "name": "Patton Larson"
            },
            {
                "name": "Casey Grimes"
            },
            {
                "name": "Geneva Carroll"
            }
        ]
    ]
]