[
    {
        "id": 0,
        "name": "Shepard Mccall"
    },
    {
        "id": 1,
        "name": "Wanda Payne"
    },
    {
        "id": 2,
        "name": "Klein Hoover"
    },
    {
        "id": 3,
        "name": "Dianne Guerra"
    },
    {
        "id": 4,
        "name": "Vonda Stephens"
    }
]