[
    true,
    false,
    false,
    true,
    1,
    1,
    1
]