{
    "guid": "43a922da-9665-4099-8dfc-f9af369695a4"
}