Object
    ( fromList
        [
            ( "author"
            , Object
                ( fromList
                    [
                        ( "articles"
                        , Array
                            [ String "hello"
                            , Range
                                ( SourcePosition
                                    { _sourceName = "sourceName"
                                    , _line = 7
                                    , _column = 1
                                    }
                                , Just
                                    ( SourcePosition
                                        { _sourceName = "sourceName"
                                        , _line = 12
                                        , _column = 10
                                        }
                                    )
                                ) Nothing "x"
                                [
                                    (
                                        ( SourcePosition
                                            { _sourceName = "sourceName"
                                            , _line = 7
                                            , _column = 18
                                            }
                                        , Just
                                            ( SourcePosition
                                                { _sourceName = "sourceName"
                                                , _line = 7
                                                , _column = 19
                                                }
                                            )
                                        )
                                    , Obj "$"
                                    )
                                ,
                                    (
                                        ( SourcePosition
                                            { _sourceName = "sourceName"
                                            , _line = 7
                                            , _column = 19
                                            }
                                        , Just
                                            ( SourcePosition
                                                { _sourceName = "sourceName"
                                                , _line = 7
                                                , _column = 24
                                                }
                                            )
                                        )
                                    , Obj "event"
                                    )
                                ,
                                    (
                                        ( SourcePosition
                                            { _sourceName = "sourceName"
                                            , _line = 7
                                            , _column = 25
                                            }
                                        , Just
                                            ( SourcePosition
                                                { _sourceName = "sourceName"
                                                , _line = 7
                                                , _column = 31
                                                }
                                            )
                                        )
                                    , Obj "author"
                                    )
                                ,
                                    (
                                        ( SourcePosition
                                            { _sourceName = "sourceName"
                                            , _line = 7
                                            , _column = 32
                                            }
                                        , Just
                                            ( SourcePosition
                                                { _sourceName = "sourceName"
                                                , _line = 7
                                                , _column = 40
                                                }
                                            )
                                        )
                                    , Obj "articles"
                                    )
                                ]
                                ( Object
                                    ( fromList
                                        [
                                            ( "title"
                                            , Path
                                                [
                                                    (
                                                        ( SourcePosition
                                                            { _sourceName = "sourceName"
                                                            , _line = 10
                                                            , _column = 20
                                                            }
                                                        , Just
                                                            ( SourcePosition
                                                                { _sourceName = "sourceName"
                                                                , _line = 10
                                                                , _column = 21
                                                                }
                                                            )
                                                        )
                                                    , Obj "x"
                                                    )
                                                ,
                                                    (
                                                        ( SourcePosition
                                                            { _sourceName = "sourceName"
                                                            , _line = 10
                                                            , _column = 21
                                                            }
                                                        , Just
                                                            ( SourcePosition
                                                                { _sourceName = "sourceName"
                                                                , _line = 10
                                                                , _column = 26
                                                                }
                                                            )
                                                        )
                                                    , Obj "title"
                                                    )
                                                ]
                                            )
                                        ,
                                            ( "id"
                                            , Path
                                                [
                                                    (
                                                        ( SourcePosition
                                                            { _sourceName = "sourceName"
                                                            , _line = 9
                                                            , _column = 17
                                                            }
                                                        , Just
                                                            ( SourcePosition
                                                                { _sourceName = "sourceName"
                                                                , _line = 9
                                                                , _column = 18
                                                                }
                                                            )
                                                        )
                                                    , Obj "x"
                                                    )
                                                ,
                                                    (
                                                        ( SourcePosition
                                                            { _sourceName = "sourceName"
                                                            , _line = 9
                                                            , _column = 18
                                                            }
                                                        , Just
                                                            ( SourcePosition
                                                                { _sourceName = "sourceName"
                                                                , _line = 9
                                                                , _column = 20
                                                                }
                                                            )
                                                        )
                                                    , Obj "id"
                                                    )
                                                ]
                                            )
                                        ]
                                    )
                                )
                            , String "world"
                            ]
                        )
                    ,
                        ( "name"
                        , Path
                            [
                                (
                                    ( SourcePosition
                                        { _sourceName = "sourceName"
                                        , _line = 3
                                        , _column = 15
                                        }
                                    , Just
                                        ( SourcePosition
                                            { _sourceName = "sourceName"
                                            , _line = 3
                                            , _column = 16
                                            }
                                        )
                                    )
                                , Obj "$"
                                )
                            ,
                                (
                                    ( SourcePosition
                                        { _sourceName = "sourceName"
                                        , _line = 3
                                        , _column = 16
                                        }
                                    , Just
                                        ( SourcePosition
                                            { _sourceName = "sourceName"
                                            , _line = 3
                                            , _column = 21
                                            }
                                        )
                                    )
                                , Obj "event"
                                )
                            ,
                                (
                                    ( SourcePosition
                                        { _sourceName = "sourceName"
                                        , _line = 3
                                        , _column = 22
                                        }
                                    , Just
                                        ( SourcePosition
                                            { _sourceName = "sourceName"
                                            , _line = 3
                                            , _column = 26
                                            }
                                        )
                                    )
                                , Obj "name"
                                )
                            ]
                        )
                    ,
                        ( "age"
                        , Path
                            [
                                (
                                    ( SourcePosition
                                        { _sourceName = "sourceName"
                                        , _line = 4
                                        , _column = 14
                                        }
                                    , Just
                                        ( SourcePosition
                                            { _sourceName = "sourceName"
                                            , _line = 4
                                            , _column = 15
                                            }
                                        )
                                    )
                                , Obj "$"
                                )
                            ,
                                (
                                    ( SourcePosition
                                        { _sourceName = "sourceName"
                                        , _line = 4
                                        , _column = 15
                                        }
                                    , Just
                                        ( SourcePosition
                                            { _sourceName = "sourceName"
                                            , _line = 4
                                            , _column = 20
                                            }
                                        )
                                    )
                                , Obj "event"
                                )
                            ,
                                (
                                    ( SourcePosition
                                        { _sourceName = "sourceName"
                                        , _line = 4
                                        , _column = 21
                                        }
                                    , Just
                                        ( SourcePosition
                                            { _sourceName = "sourceName"
                                            , _line = 4
                                            , _column = 24
                                            }
                                        )
                                    )
                                , Obj "age"
                                )
                            ]
                        )
                    ]
                )
            )
        ]
    )